// Jest Snapshot v1, https://goo.gl/fbAQLP

exports[`Snapshot matches snapshot 1`] = `
<div>
  <header
    className="sc-AxhCb hKLhMx"
  >
    <a
      className="sc-AxjAm eGEFpi"
      href="/"
      onClick={[Function]}
    >
      <img
        alt="app-logo"
        className="sc-AxirZ ggkxvc"
        src="img/app-logo.svg"
      />
    </a>
    <h1
      className="sc-AxiKw jstiRv"
    >
      Movie App
    </h1>
    <a
      className="sc-AxjAm eGEFpi"
      href="https://www.themoviedb.org/"
    >
      <img
        alt="tmdb-logo"
        className="sc-AxirZ loYNGT"
        src="img/tmdb-logo.png"
      />
    </a>
  </header>
  <main>
    <div
      className="sc-AxgMl ddxDUv"
    >
      <select
        className="sc-AxhUy lbQkcW"
        onChange={[Function]}
        value="en"
      >
        <option
          value="en"
        >
          EN
        </option>
        <option
          value="ru"
        >
          RU
        </option>
      </select>
    </div>
    <div
      className="sc-fzqNJr jJUNwy"
    >
      <div
        className="sc-fzoyAV gAOsEl"
      />
    </div>
  </main>
  <footer
    className="sc-fzoLag iMpqwM"
  >
    <span>
      This product uses the TMDb API but is not endorsed or certified by TMDb
    </span>
  </footer>
</div>
`;
