// Jest Snapshot v1, https://goo.gl/fbAQLP

exports[`Snapshot matches snapshot 1`] = `
<div>
  <div
    className="sc-AxhCb aKCJA"
  >
    <img
      alt="error"
      src="img/error.png"
    />
    <h2
      className="sc-AxjAm iVxxQX"
    >
      Oops! Something went wrong!
    </h2>
    <p
      className="sc-AxirZ kTachs"
    >
      Failed to fetch data from third-party resource.
    </p>
    <p
      className="sc-AxiKw cJJJEU"
    >
      Try to come to the site later
    </p>
  </div>
</div>
`;
