// Jest Snapshot v1, https://goo.gl/fbAQLP

exports[`matches snapshot 1`] = `
<div>
  <div
    className="sc-fzozJi jdGAsj"
  >
    <div
      className="sc-fzoLsD gpRNJQ"
    >
      <div
        className="sc-AxheI cljRDC"
        onClick={[Function]}
      >
        <img
          alt="Fight club"
          className="sc-AxjAm bA-dMnp"
          onError={[Function]}
          onLoad={[Function]}
          src="img/poster-placeholder.png"
        />
        <div
          className="sc-AxgMl hRUoPs"
        >
          <p
            className="sc-AxiKw bwJPhl"
          >
            Fight club
            <span
              className="sc-AxirZ iqQIYt"
            >
              8.9
            </span>
          </p>
          <p
            className="sc-AxhUy hnnGGV"
          >
            <span
              className="sc-AxhCb iA-dFqF"
            >
              Action
            </span>
            <span
              className="sc-AxhCb iA-dFqF"
            >
              Drama
            </span>
          </p>
        </div>
      </div>
      <div
        className="sc-AxheI cljRDC"
        onClick={[Function]}
      >
        <img
          alt="Amiley"
          className="sc-AxjAm bA-dMnp"
          onError={[Function]}
          onLoad={[Function]}
          src="img/poster-placeholder.png"
        />
        <div
          className="sc-AxgMl hRUoPs"
        >
          <p
            className="sc-AxiKw bwJPhl"
          >
            Amiley
            <span
              className="sc-AxirZ iqQIYt"
            >
              7.5
            </span>
          </p>
          <p
            className="sc-AxhUy hnnGGV"
          >
            <span
              className="sc-AxhCb iA-dFqF"
            >
              Drama
            </span>
          </p>
        </div>
      </div>
      <div
        className="sc-AxheI cljRDC"
        onClick={[Function]}
      >
        <img
          alt="Armageddon"
          className="sc-AxjAm bA-dMnp"
          onError={[Function]}
          onLoad={[Function]}
          src="img/poster-placeholder.png"
        />
        <div
          className="sc-AxgMl hRUoPs"
        >
          <p
            className="sc-AxiKw bwJPhl"
          >
            Armageddon
            <span
              className="sc-AxirZ iqQIYt"
            >
              8.4
            </span>
          </p>
          <p
            className="sc-AxhUy hnnGGV"
          >
            <span
              className="sc-AxhCb iA-dFqF"
            >
              Action
            </span>
          </p>
        </div>
      </div>
    </div>
    <button
      className="sc-Axmtr knRKBY"
      onClick={[MockFunction]}
    >
      More
    </button>
  </div>
</div>
`;
